# Bake Begins!
### (1 of 6) Copy sources
$ cp -a /home/travis/build/fontdirectory/allan/METADATA.json /home/travis/build/fontdirectory/allan/builds/build
$ cp -a /home/travis/build/fontdirectory/allan/DESCRIPTION.en_us.html /home/travis/build/fontdirectory/allan/builds/build
$ cp -a Allan-Regular.ttf.ttx Allan-Bold.ttf.ttx src/Allan-Regular-TTF.sfd src/Allan-Bold-TTF.sfd Allan-Regular.ttf._p_r_e_p.ttx Allan-Regular.ttf._p_o_s_t.ttx Allan-Regular.ttf._n_a_m_e.ttx Allan-Regular.ttf._m_a_x_p.ttx Allan-Regular.ttf._l_o_c_a.ttx Allan-Regular.ttf._k_e_r_n.ttx Allan-Regular.ttf._h_m_t_x.ttx Allan-Regular.ttf._h_h_e_a.ttx Allan-Regular.ttf._h_e_a_d.ttx Allan-Regular.ttf._g_l_y_f.ttx Allan-Regular.ttf._f_p_g_m.ttx Allan-Regular.ttf._c_v_t.ttx Allan-Regular.ttf._c_m_a_p.ttx Allan-Regular.ttf.O_S_2f_2.ttx Allan-Regular.ttf.GlyphOrder.ttx Allan-Regular.ttf.G_S_U_B_.ttx Allan-Regular.ttf.G_P_O_S_.ttx Allan-Regular.ttf.G_D_E_F_.ttx Allan-Regular.ttf.F_F_T_M_.ttx Allan-Bold.ttf._p_r_e_p.ttx Allan-Bold.ttf._p_o_s_t.ttx Allan-Bold.ttf._n_a_m_e.ttx Allan-Bold.ttf._m_a_x_p.ttx Allan-Bold.ttf._l_o_c_a.ttx Allan-Bold.ttf._k_e_r_n.ttx Allan-Bold.ttf._h_m_t_x.ttx Allan-Bold.ttf._h_h_e_a.ttx Allan-Bold.ttf._h_e_a_d.ttx Allan-Bold.ttf._g_l_y_f.ttx Allan-Bold.ttf._f_p_g_m.ttx Allan-Bold.ttf._c_v_t.ttx Allan-Bold.ttf._c_m_a_p.ttx Allan-Bold.ttf.O_S_2f_2.ttx Allan-Bold.ttf.GlyphOrder.ttx Allan-Bold.ttf.G_S_U_B_.ttx Allan-Bold.ttf.G_P_O_S_.ttx Allan-Bold.ttf.G_D_E_F_.ttx Allan-Bold.ttf.F_F_T_M_.ttx /home/travis/build/fontdirectory/allan/builds/build/sources
### (2 of 6) pyfontaine
### (3 of 6) Run upstream tests
$ fontbakery-check.py upstream-repo sources
$ fontaine --collections subsets --text /home/travis/build/fontdirectory/allan/builds/build/sources/Allan-Bold.ttf.ttx /home/travis/build/fontdirectory/allan/builds/build/sources/Allan-Regular.ttf.ttx /home/travis/build/fontdirectory/allan/builds/build/sources/Allan-Bold-TTF.sfd /home/travis/build/fontdirectory/allan/builds/build/sources/Allan-Regular-TTF.sfd > fontaine.txt
WARNING: Please install [PyICU](https://pypi.python.org/pypi/PyICU) toenable [feature], perhaps with: pip install pyicu
Bad sfd file. Glyph igrave has width 191 even though it should be
  bound to the width of dotlessi which is 391.
Bad sfd file. Glyph aogonek has width 419 even though it should be
  bound to the width of a.sans which is 858.
bakery_lint.tests.upstream.test_prepolation.FontTestPrepolation.test_font_prepolation_glyph_contours(): OK
pyfontaine error: Not a TrueType or OpenType font (bad sfntVersion)
pyfontaine process has been failed
bakery_lint.tests.upstream.test_prepolation.FontTestPrepolation.test_font_prepolation_glyph_points(): OK
bakery_lint.tests.upstream.test_prepolation.FontTestPrepolation.test_font_test_prepolation_glyph_names(): OK
bakery_lint.tests.upstream.test_diacritic.TestDiacritic.test_diacritic_made_as_component(): OK
bakery_lint.tests.upstream.test_diacritic.TestDiacritic.test_diacritic_made_as_mark_to_mark(): OK
bakery_lint.tests.upstream.test_diacritic.TestDiacritic.test_diacritic_made_as_own_glyphs(): OK
bakery_lint.tests.upstream.test_check_upstream_sources.ProjectUpstreamTestCase.test_bakery_yaml_exists(): OK
bakery_lint.tests.upstream.test_check_upstream_sources.ProjectUpstreamTestCase.test_copyright_notices_same_across_family(): OK
bakery_lint.tests.upstream.test_check_upstream_sources.ProjectUpstreamTestCase.test_description_html_exists(): OK
bakery_lint.tests.upstream.test_check_upstream_sources.ProjectUpstreamTestCase.test_fontlog_txt_exists(): FAIL
bakery_lint.tests.upstream.test_check_upstream_sources.ProjectUpstreamTestCase.test_metadata_json_exists(): OK
$ fontbakery-check.py upstream-ttx Allan-Bold.ttf.ttx
bakery_lint.tests.upstream.test_glyphname_does_not_contain_disallowed_chars.TestGlyphNameDoesNotContainsDisallowedChars.test_glyphname_does_not_contain_disallowed_chars(): FAIL
bakery_lint.tests.upstream.test_font_filename_eq_familystyle.TestTTFSourceFontFileNameEqualsFamilyStyle.test_source_ttf_font_filename_equals_familystyle(): FAIL
$ mv /home/travis/build/fontdirectory/allan/builds/build/sources/Allan-Bold.ttf.ttx /home/travis/build/fontdirectory/allan/builds/build/sources/Allan-Bold.ttx
bakery_lint.tests.upstream.test_font_filename_eq_familystyle.TestTTFSourceFontFileNameEqualsFamilyStyle.test_source_ttf_font_filename_equals_familystyle(): OK
bakery_lint.tests.upstream.test_check_ttx_requirements.SourceTTXTest.test_epar_in_keys(): FAIL
bakery_lint.tests.upstream.test_check_ttx_requirements.SourceTTXTest.test_os2_in_keys(): OK
bakery_lint.tests.upstream.test_check_ttx_requirements.SourceTTXTest.test_ttx_doesnt_contain_duplicate_glyphs(): OK
bakery_lint.tests.upstream.test_check_ttx_fontfamily_recommendations.TTX_FontFamilyNamingTest.test_ttx_family_naming_recommendation(): OK
$ fontbakery-check.py upstream-ttx Allan-Regular.ttf.ttx
bakery_lint.tests.upstream.test_glyphname_does_not_contain_disallowed_chars.TestGlyphNameDoesNotContainsDisallowedChars.test_glyphname_does_not_contain_disallowed_chars(): FAIL
bakery_lint.tests.upstream.test_font_filename_eq_familystyle.TestTTFSourceFontFileNameEqualsFamilyStyle.test_source_ttf_font_filename_equals_familystyle(): FAIL
$ mv /home/travis/build/fontdirectory/allan/builds/build/sources/Allan-Regular.ttf.ttx /home/travis/build/fontdirectory/allan/builds/build/sources/Allan-Regular.ttx
bakery_lint.tests.upstream.test_font_filename_eq_familystyle.TestTTFSourceFontFileNameEqualsFamilyStyle.test_source_ttf_font_filename_equals_familystyle(): OK
bakery_lint.tests.upstream.test_check_ttx_requirements.SourceTTXTest.test_epar_in_keys(): FAIL
bakery_lint.tests.upstream.test_check_ttx_requirements.SourceTTXTest.test_os2_in_keys(): OK
bakery_lint.tests.upstream.test_check_ttx_requirements.SourceTTXTest.test_ttx_doesnt_contain_duplicate_glyphs(): OK
bakery_lint.tests.upstream.test_check_ttx_fontfamily_recommendations.TTX_FontFamilyNamingTest.test_ttx_family_naming_recommendation(): OK
$ fontbakery-check.py upstream Allan-Bold-TTF.sfd
bakery_lint.tests.upstream.test_unicode_value_should_appear_only_once_per_font.UnicodeValueShouldAppearOnlyOnce.testUnicodeValue(): ERROR
bakery_lint.tests.upstream.test_font_filename_eq_familystyle.TestTTFSourceFontFileNameEqualsFamilyStyle.test_source_ttf_font_filename_equals_familystyle(): ERROR
bakery_lint.tests.upstream.test_contour_count.TestContourCount.test_contour_count(): ERROR
bakery_lint.tests.upstream.test_check_ufo_requirements.UfoOpenTest.test_has_rupee(): ERROR
bakery_lint.tests.upstream.test_check_ufo_requirements.UfoOpenTest.test_is_A(): ERROR
bakery_lint.tests.upstream.test_check_ufo_requirements.UfoOpenTest.test_is_A_a_glyph_instance(): ERROR
bakery_lint.tests.upstream.test_check_ufo_requirements.UfoOpenTest.test_is_ended_ufo(): ERROR
bakery_lint.tests.upstream.test_check_ufo_requirements.UfoOpenTest.test_is_folder(): ERROR
bakery_lint.tests.upstream.test_check_ufo_requirements.UfoOpenTest.test_is_fsType_eq_1(): ERROR
bakery_lint.tests.upstream.test_check_ufo_requirements.UfoOpenTest.test_it_exists(): ERROR
bakery_lint.tests.upstream.test_check_ufo_fontfamily_recommendations.TestUFOFontFamilyNamingTest.test_familyname_less_than_32_chars(): OK
bakery_lint.tests.upstream.test_check_ufo_fontfamily_recommendations.TestUFOFontFamilyNamingTest.test_fullfontname_less_than_64_chars(): OK
bakery_lint.tests.upstream.test_check_ufo_fontfamily_recommendations.TestUFOFontFamilyNamingTest.test_postscriptname_consistof_allowed_chars(): OK
bakery_lint.tests.upstream.test_check_ufo_fontfamily_recommendations.TestUFOFontFamilyNamingTest.test_postscriptname_less_than_30_chars(): OK
bakery_lint.tests.upstream.test_check_ufo_fontfamily_recommendations.TestUFOFontFamilyNamingTest.test_stylename_less_than_32_chars(): OK
bakery_lint.tests.upstream.test_check_ufo_fontfamily_recommendations.TestUFOFontFamilyNamingTest.test_weight_value_range_between_250_and_900(): OK
$ fontbakery-check.py upstream Allan-Regular-TTF.sfd
bakery_lint.tests.upstream.test_unicode_value_should_appear_only_once_per_font.UnicodeValueShouldAppearOnlyOnce.testUnicodeValue(): ERROR
bakery_lint.tests.upstream.test_font_filename_eq_familystyle.TestTTFSourceFontFileNameEqualsFamilyStyle.test_source_ttf_font_filename_equals_familystyle(): ERROR
bakery_lint.tests.upstream.test_contour_count.TestContourCount.test_contour_count(): ERROR
bakery_lint.tests.upstream.test_check_ufo_requirements.UfoOpenTest.test_has_rupee(): ERROR
bakery_lint.tests.upstream.test_check_ufo_requirements.UfoOpenTest.test_is_A(): ERROR
bakery_lint.tests.upstream.test_check_ufo_requirements.UfoOpenTest.test_is_A_a_glyph_instance(): ERROR
bakery_lint.tests.upstream.test_check_ufo_requirements.UfoOpenTest.test_is_ended_ufo(): ERROR
bakery_lint.tests.upstream.test_check_ufo_requirements.UfoOpenTest.test_is_folder(): ERROR
bakery_lint.tests.upstream.test_check_ufo_requirements.UfoOpenTest.test_is_fsType_eq_1(): ERROR
bakery_lint.tests.upstream.test_check_ufo_requirements.UfoOpenTest.test_it_exists(): ERROR
bakery_lint.tests.upstream.test_check_ufo_fontfamily_recommendations.TestUFOFontFamilyNamingTest.test_familyname_less_than_32_chars(): OK
bakery_lint.tests.upstream.test_check_ufo_fontfamily_recommendations.TestUFOFontFamilyNamingTest.test_fullfontname_less_than_64_chars(): OK
bakery_lint.tests.upstream.test_check_ufo_fontfamily_recommendations.TestUFOFontFamilyNamingTest.test_postscriptname_consistof_allowed_chars(): OK
bakery_lint.tests.upstream.test_check_ufo_fontfamily_recommendations.TestUFOFontFamilyNamingTest.test_postscriptname_less_than_30_chars(): OK
bakery_lint.tests.upstream.test_check_ufo_fontfamily_recommendations.TestUFOFontFamilyNamingTest.test_stylename_less_than_32_chars(): OK
bakery_lint.tests.upstream.test_check_ufo_fontfamily_recommendations.TestUFOFontFamilyNamingTest.test_weight_value_range_between_250_and_900(): OK
### (4 of 6) Convert sources to TTF
$ ttx -d /home/travis/build/fontdirectory/allan/builds/build /home/travis/build/fontdirectory/allan/builds/build/sources/Allan-Regular.ttx /home/travis/build/fontdirectory/allan/builds/build/sources/Allan-Bold.ttx
strippedname:/home/travis/build/fontdirectory/allan/builds/build/sources/Allan-Bold-TTF.sfd
strippedname:/home/travis/build/fontdirectory/allan/builds/build/sources/Allan-Regular-TTF.sfd
Compiling "/home/travis/build/fontdirectory/allan/builds/build/sources/Allan-Regular.ttx" to "/home/travis/build/fontdirectory/allan/builds/build/Allan-Regular.ttf"...
Parsing 'GlyphOrder' table...
Parsing 'head' table...
Parsing 'hhea' table...
Parsing 'maxp' table...
Parsing 'OS/2' table...
Parsing 'hmtx' table...
Parsing 'cmap' table...
Parsing 'fpgm' table...
Parsing 'prep' table...
Parsing 'cvt ' table...
Parsing 'loca' table...
Parsing 'glyf' table...
Parsing 'kern' table...
Parsing 'name' table...
Parsing 'post' table...
Parsing 'FFTM' table...
Parsing 'GDEF' table...
Parsing 'GPOS' table...
Parsing 'GSUB' table...
Compiling "/home/travis/build/fontdirectory/allan/builds/build/sources/Allan-Bold.ttx" to "/home/travis/build/fontdirectory/allan/builds/build/Allan-Bold.ttf"...
Parsing 'GlyphOrder' table...
Parsing 'head' table...
Parsing 'hhea' table...
Parsing 'maxp' table...
Parsing 'OS/2' table...
Parsing 'hmtx' table...
Parsing 'cmap' table...
Parsing 'fpgm' table...
Parsing 'prep' table...
Parsing 'cvt ' table...
Parsing 'loca' table...
Parsing 'glyf' table...
Parsing 'kern' table...
Parsing 'name' table...
Parsing 'post' table...
Parsing 'FFTM' table...
Parsing 'GDEF' table...
Parsing 'GPOS' table...
Parsing 'GSUB' table...
### Test Allan-Regular.ttf
$ fontbakery-check.py result Allan-Regular.ttf
bakery_lint.tests.downstream.test_names_are_ascii_only.CheckNamesAreASCIIOnly.test_check_names_are_ascii_only(): OK
bakery_lint.tests.downstream.test_gpos_table_has_kerning_info.CheckGposTableHasKerningInfo.test_gpos_table_has_kerning_info(): OK
bakery_lint.tests.downstream.test_gasp_table_value.CheckGaspTableType.test_check_gasp_table_type(): FAIL
$ fontbakery-fix-gasp.py --set=15 /home/travis/build/fontdirectory/allan/builds/build/Allan-Regular.ttf
no table gasp
$ mv /home/travis/build/fontdirectory/allan/builds/build/Allan-Regular.ttf.fix /home/travis/build/fontdirectory/allan/builds/build/Allan-Regular.ttf
bakery_lint.tests.downstream.test_gasp_table_value.CheckGaspTableType.test_check_gasp_table_type(): FAIL
This font contains both a 'kern' table and a 'GPOS' table.
  The 'kern' table will only be read if there is no 'kern' feature in 'GPOS'.
bakery_lint.tests.downstream.test_fontforge_validation_state.FontForgeValidateStateTest.test_allowed_numbers_paths_in_composite_glyphs(): OK
bakery_lint.tests.downstream.test_fontforge_validation_state.FontForgeValidateStateTest.test_allowed_numbers_paths_in_glyphs(): OK
bakery_lint.tests.downstream.test_fontforge_validation_state.FontForgeValidateStateTest.test_allowed_numbers_points_in_composite_glyphs(): OK
bakery_lint.tests.downstream.test_fontforge_validation_state.FontForgeValidateStateTest.test_allowed_numbers_points_in_glyphs(): OK
bakery_lint.tests.downstream.test_fontforge_validation_state.FontForgeValidateStateTest.test_duplicate_glyphs(): OK
bakery_lint.tests.downstream.test_fontforge_validation_state.FontForgeValidateStateTest.test_duplicate_unicode_codepoints(): OK
bakery_lint.tests.downstream.test_fontforge_validation_state.FontForgeValidateStateTest.test_flipped_reference_in_glyphs(): OK
bakery_lint.tests.downstream.test_fontforge_validation_state.FontForgeValidateStateTest.test_missing_anchors(): OK
bakery_lint.tests.downstream.test_fontforge_validation_state.FontForgeValidateStateTest.test_missing_extrema_in_glyphs(): FAIL
bakery_lint.tests.downstream.test_fontforge_validation_state.FontForgeValidateStateTest.test_overlapped_hints(): OK
bakery_lint.tests.downstream.test_fontforge_validation_state.FontForgeValidateStateTest.test_points_are_integer_aligned(): OK
bakery_lint.tests.downstream.test_fontforge_validation_state.FontForgeValidateStateTest.test_points_are_not_too_far_apart(): OK
bakery_lint.tests.downstream.test_fontforge_validation_state.FontForgeValidateStateTest.test_postscript_hasnt_limit_hints_in_glyphs(): OK
bakery_lint.tests.downstream.test_fontforge_validation_state.FontForgeValidateStateTest.test_postscript_hasnt_limit_points_in_glyphs(): OK
bakery_lint.tests.downstream.test_fontforge_validation_state.FontForgeValidateStateTest.test_referenced_glyphs_are_present(): OK
bakery_lint.tests.downstream.test_fontforge_validation_state.FontForgeValidateStateTest.test_valid_glyph_names(): OK
bakery_lint.tests.downstream.test_fontforge_validation_state.FontForgeValidateStateTest.test_valid_length_instructions(): OK
bakery_lint.tests.downstream.test_fontforge_validation_state.FontForgeValidateStateTest.test_validation_glyph_intersect(): FAIL
bakery_lint.tests.downstream.test_fontforge_validation_state.FontForgeValidateStateTest.test_validation_open_contours(): OK
bakery_lint.tests.downstream.test_fontforge_validation_state.FontForgeValidateStateTest.test_wrong_direction_in_glyphs(): OK
bakery_lint.tests.downstream.test_check_vertical_metrics.CheckVerticalLinegapMetrics.test_metrics_linegaps_are_zero(): FAIL
$ fontbakery-fix-vertical-metrics.py --autofix /home/travis/build/fontdirectory/allan/builds/build/Allan-Bold.ttf /home/travis/build/fontdirectory/allan/builds/build/Allan-Regular.ttf
$ mv /home/travis/build/fontdirectory/allan/builds/build/Allan-Bold.ttf.fix /home/travis/build/fontdirectory/allan/builds/build/Allan-Bold.ttf
$ mv /home/travis/build/fontdirectory/allan/builds/build/Allan-Regular.ttf.fix /home/travis/build/fontdirectory/allan/builds/build/Allan-Regular.ttf
$ fontbakery-fix-vertical-metrics.py /home/travis/build/fontdirectory/allan/builds/build/Allan-Bold.ttf /home/travis/build/fontdirectory/allan/builds/build/Allan-Regular.ttf
Parameter              Allan-Bold.ttf    Allan-Regular.ttf    
ymax                   1851              1929                 
hhea.ascent            1929              1929                 
OS/2.sTypoAscender     1929              1929                 
OS/2.usWinAscent       1929              1929                 
ymin                   -411              -418                 
hhea.descent           -418              -418                 
OS/2.sTypoDescender    -418              -418                 
OS/2.usWinDescent      418               418                  
hhea.lineGap           0                 0                    
OS/2.sTypoLineGap      0                 0                    
hhea total             2347              2347                 
typo total             2347              2347                 
win total              2347              2347                 
UPM:Heights            2048:2262         2048:2347            
UPM:Heights %          110 %             114 %                


bakery_lint.tests.downstream.test_check_vertical_metrics.CheckVerticalLinegapMetrics.test_metrics_linegaps_are_zero(): OK
bakery_lint.tests.downstream.test_check_vertical_metrics.CheckVerticalAscentMetrics.test_metrics_ascents_equal_bbox(): OK
bakery_lint.tests.downstream.test_check_vertical_metrics.CheckVerticalDescentMetrics.test_metrics_descents_equal_bbox(): OK
bakery_lint.tests.downstream.test_check_upm_heights_less_120.TestCheckUPMHeightsLess120.test_check_upm_heigths_less_120(): OK
bakery_lint.tests.downstream.test_check_unused_glyph_data.CheckUnusedGlyphData.test_check_unused_glyph_data(): ERROR
bakery_lint.tests.downstream.test_check_unencoded_glyph.TestFontUnencodedGlyph.test_font_unencoded_glyphs(): FAIL
$ fontbakery-fix-glyph-private-encoding.py --autofix /home/travis/build/fontdirectory/allan/builds/build/Allan-Regular.ttf
$ mv /home/travis/build/fontdirectory/allan/builds/build/Allan-Regular.ttf.fix /home/travis/build/fontdirectory/allan/builds/build/Allan-Regular.ttf
bakery_lint.tests.downstream.test_check_unencoded_glyph.TestFontUnencodedGlyph.test_font_unencoded_glyphs(): FAIL
bakery_lint.tests.downstream.test_check_panose_identification.CheckPanoseIdentification.test_check_panose_identification(): OK
bakery_lint.tests.downstream.test_check_os2_width_class.CheckOS2WidthClass.test_check_os2_width_class(): OK
bakery_lint.tests.downstream.test_check_no_problematic_formats.CheckNoProblematicFormats.test_check_no_problematic_formats(): OK
bakery_lint.tests.downstream.test_check_nbsp_width_matches_sp_width.CheckNbspWidthMatchesSpWidth.test_check_nbsp_width_matches_sp_width(): FAIL
$ fontbakery-fix-nbsp.py /home/travis/build/fontdirectory/allan/builds/build/Allan-Regular.ttf
$ mv /home/travis/build/fontdirectory/allan/builds/build/Allan-Regular.ttf.fix /home/travis/build/fontdirectory/allan/builds/build/Allan-Regular.ttf
bakery_lint.tests.downstream.test_check_nbsp_width_matches_sp_width.CheckNbspWidthMatchesSpWidth.test_check_nbsp_width_matches_sp_width(): FAIL
bakery_lint.tests.downstream.test_check_names_same_across_platforms.CheckNamesSameAcrossPlatforms.test_check_names_same_across_platforms(): OK
bakery_lint.tests.downstream.test_check_name_table_recommendation.CheckStyleNameRecommendation.test_check_stylename_is_under_recommendations(): OK
bakery_lint.tests.downstream.test_check_name_table_recommendation.CheckOTFamilyNameRecommendation.test_check_opentype_familyname(): FAIL
$ fontbakery-fix-opentype-names.py /home/travis/build/fontdirectory/allan/builds/build/Allan-Regular.ttf
$ mv /home/travis/build/fontdirectory/allan/builds/build/Allan-Regular.ttf.fix /home/travis/build/fontdirectory/allan/builds/build/Allan-Regular.ttf
bakery_lint.tests.downstream.test_check_name_table_recommendation.CheckOTFamilyNameRecommendation.test_check_opentype_familyname(): OK
bakery_lint.tests.downstream.test_check_name_table_recommendation.CheckOTStyleNameRecommendation.test_check_opentype_stylename(): OK
bakery_lint.tests.downstream.test_check_name_table_recommendation.CheckOTFullNameRecommendation.test_check_opentype_fullname(): OK
bakery_lint.tests.downstream.test_check_magic_prep_code.CheckMagicPREPByteCode.test_prep_magic_code(): FAIL
bakery_lint.tests.downstream.test_check_license_included.CheckLicenseIncluded.test_license_included_in_font_names(): ERROR
bakery_lint.tests.downstream.test_check_italic_angle_agreement.CheckItalicAngleAgreement.test_check_italic_angle_agreement(): OK
bakery_lint.tests.downstream.test_check_hmtx_hhea_max_advance_width_agreement.CheckHmtxHheaMaxAdvanceWidthAgreement.test_check_hmtx_hhea_max_advance_width_agreement(): OK
bakery_lint.tests.downstream.test_check_glyph_existence.CheckGlyphExistence.test_euro(): OK
bakery_lint.tests.downstream.test_check_glyph_existence.CheckGlyphExistence.test_nbsp(): OK
bakery_lint.tests.downstream.test_check_glyph_existence.CheckGlyphExistence.test_space(): OK
bakery_lint.tests.downstream.test_check_glyf_table_length.CheckGlyfTableLength.test_check_glyf_table_length(): FAIL
bakery_lint.tests.downstream.test_check_full_font_name_begins_with_family_name.CheckFullFontNameBeginsWithFamilyName.test_check_full_font_name_begins_with_family_name(): OK
bakery_lint.tests.downstream.test_check_fontname_matches_macstyle.CheckFontNameEqualToMacStyleFlags.test_fontname_is_equal_to_macstyle(): FAIL
bakery_lint.tests.downstream.test_check_font_tables.CheckFontHasDsigTable.test_check_font_has_dsig_table(): FAIL
$ fontbakery-fix-dsig.py /home/travis/build/fontdirectory/allan/builds/build/Allan-Regular.ttf
$ mv /home/travis/build/fontdirectory/allan/builds/build/Allan-Regular.ttf.fix /home/travis/build/fontdirectory/allan/builds/build/Allan-Regular.ttf
bakery_lint.tests.downstream.test_check_font_tables.CheckFontHasDsigTable.test_check_font_has_dsig_table(): OK
bakery_lint.tests.downstream.test_check_font_tables.CheckFontHasNotKernTable.test_no_kern_table_exists(): OK
bakery_lint.tests.downstream.test_check_font_agreements.CheckFsTypeIsNotSet.test_is_fstype_not_set(): OK
$ fontbakery-fix-fstype.py --autofix /home/travis/build/fontdirectory/allan/builds/build/Allan-Regular.ttf
$ mv /home/travis/build/fontdirectory/allan/builds/build/Allan-Regular.ttf.fix /home/travis/build/fontdirectory/allan/builds/build/Allan-Regular.ttf
bakery_lint.tests.downstream.test_check_font_agreements.CheckFontAgreements.test_em_is_1000(): FAIL
bakery_lint.tests.downstream.test_check_font_agreements.CheckFontAgreements.test_font_is_font(): OK
bakery_lint.tests.downstream.test_check_font_agreements.CheckFontAgreements.test_latin_file_exists(): FAIL
bakery_lint.tests.downstream.test_check_font_agreements.CheckFontAgreements.test_menu_file_exists(): FAIL
### Optimize TTF Allan-Regular.ttf
$ ls -l 'Allan-Regular.ttf'* # look at the size savings of that subset process
Allan-Regular.ttf.opt: 45316 bytes
Allan-Regular.ttf: 56656 bytes
$ mv /home/travis/build/fontdirectory/allan/builds/build/Allan-Regular.ttf.opt /home/travis/build/fontdirectory/allan/builds/build/Allan-Regular.ttf
### Autohint TTFs (ttfautohint) Allan-Regular.ttf
$ ttfautohint -l 7 -r 28 -G 50 -x 13 -w "G" /home/travis/build/fontdirectory/allan/builds/build/Allan-Regular.ttf '/home/travis/build/fontdirectory/allan/builds/build/Allan-Regular.autohint.ttf'

$ ls -l /home/travis/build/fontdirectory/allan/builds/build/Allan-Regular.*ttf # look at the size savings of that subset process
/home/travis/build/fontdirectory/allan/builds/build/Allan-Regular.ttf: 45316 bytes
/home/travis/build/fontdirectory/allan/builds/build/Allan-Regular.autohint.ttf: 41496 bytes
$ mv /home/travis/build/fontdirectory/allan/builds/build/Allan-Regular.autohint.ttf /home/travis/build/fontdirectory/allan/builds/build/Allan-Regular.ttf
### Subset TTFs (pyftsubset) Allan-Regular.ttf
$ pyftsubset Allan-Regular.latin
$ pyftsubset Allan-Regular.menu
strippedname:/home/travis/build/fontdirectory/allan/builds/build/Allan-Regular.ttf
spaceWidth is    368
nbspWidth is     0
Allan-Regular.ttf.fix made with spaceWidth and nbspWidth of 368
### Test Allan-Bold.ttf
$ fontbakery-check.py result Allan-Bold.ttf
bakery_lint.tests.downstream.test_names_are_ascii_only.CheckNamesAreASCIIOnly.test_check_names_are_ascii_only(): OK
bakery_lint.tests.downstream.test_gpos_table_has_kerning_info.CheckGposTableHasKerningInfo.test_gpos_table_has_kerning_info(): OK
bakery_lint.tests.downstream.test_gasp_table_value.CheckGaspTableType.test_check_gasp_table_type(): FAIL
$ fontbakery-fix-gasp.py --set=15 /home/travis/build/fontdirectory/allan/builds/build/Allan-Bold.ttf
no table gasp
$ mv /home/travis/build/fontdirectory/allan/builds/build/Allan-Bold.ttf.fix /home/travis/build/fontdirectory/allan/builds/build/Allan-Bold.ttf
bakery_lint.tests.downstream.test_gasp_table_value.CheckGaspTableType.test_check_gasp_table_type(): FAIL
This font contains both a 'kern' table and a 'GPOS' table.
  The 'kern' table will only be read if there is no 'kern' feature in 'GPOS'.
bakery_lint.tests.downstream.test_fontforge_validation_state.FontForgeValidateStateTest.test_allowed_numbers_paths_in_composite_glyphs(): OK
bakery_lint.tests.downstream.test_fontforge_validation_state.FontForgeValidateStateTest.test_allowed_numbers_paths_in_glyphs(): OK
bakery_lint.tests.downstream.test_fontforge_validation_state.FontForgeValidateStateTest.test_allowed_numbers_points_in_composite_glyphs(): OK
bakery_lint.tests.downstream.test_fontforge_validation_state.FontForgeValidateStateTest.test_allowed_numbers_points_in_glyphs(): OK
bakery_lint.tests.downstream.test_fontforge_validation_state.FontForgeValidateStateTest.test_duplicate_glyphs(): OK
bakery_lint.tests.downstream.test_fontforge_validation_state.FontForgeValidateStateTest.test_duplicate_unicode_codepoints(): OK
bakery_lint.tests.downstream.test_fontforge_validation_state.FontForgeValidateStateTest.test_flipped_reference_in_glyphs(): OK
bakery_lint.tests.downstream.test_fontforge_validation_state.FontForgeValidateStateTest.test_missing_anchors(): OK
bakery_lint.tests.downstream.test_fontforge_validation_state.FontForgeValidateStateTest.test_missing_extrema_in_glyphs(): FAIL
bakery_lint.tests.downstream.test_fontforge_validation_state.FontForgeValidateStateTest.test_overlapped_hints(): OK
bakery_lint.tests.downstream.test_fontforge_validation_state.FontForgeValidateStateTest.test_points_are_integer_aligned(): OK
bakery_lint.tests.downstream.test_fontforge_validation_state.FontForgeValidateStateTest.test_points_are_not_too_far_apart(): OK
bakery_lint.tests.downstream.test_fontforge_validation_state.FontForgeValidateStateTest.test_postscript_hasnt_limit_hints_in_glyphs(): OK
bakery_lint.tests.downstream.test_fontforge_validation_state.FontForgeValidateStateTest.test_postscript_hasnt_limit_points_in_glyphs(): OK
bakery_lint.tests.downstream.test_fontforge_validation_state.FontForgeValidateStateTest.test_referenced_glyphs_are_present(): OK
bakery_lint.tests.downstream.test_fontforge_validation_state.FontForgeValidateStateTest.test_valid_glyph_names(): OK
bakery_lint.tests.downstream.test_fontforge_validation_state.FontForgeValidateStateTest.test_valid_length_instructions(): OK
bakery_lint.tests.downstream.test_fontforge_validation_state.FontForgeValidateStateTest.test_validation_glyph_intersect(): OK
bakery_lint.tests.downstream.test_fontforge_validation_state.FontForgeValidateStateTest.test_validation_open_contours(): OK
bakery_lint.tests.downstream.test_fontforge_validation_state.FontForgeValidateStateTest.test_wrong_direction_in_glyphs(): OK
bakery_lint.tests.downstream.test_check_vertical_metrics.CheckVerticalLinegapMetrics.test_metrics_linegaps_are_zero(): OK
bakery_lint.tests.downstream.test_check_vertical_metrics.CheckVerticalAscentMetrics.test_metrics_ascents_equal_bbox(): OK
bakery_lint.tests.downstream.test_check_vertical_metrics.CheckVerticalDescentMetrics.test_metrics_descents_equal_bbox(): OK
bakery_lint.tests.downstream.test_check_upm_heights_less_120.TestCheckUPMHeightsLess120.test_check_upm_heigths_less_120(): OK
bakery_lint.tests.downstream.test_check_unused_glyph_data.CheckUnusedGlyphData.test_check_unused_glyph_data(): ERROR
bakery_lint.tests.downstream.test_check_unencoded_glyph.TestFontUnencodedGlyph.test_font_unencoded_glyphs(): FAIL
$ fontbakery-fix-glyph-private-encoding.py --autofix /home/travis/build/fontdirectory/allan/builds/build/Allan-Bold.ttf
$ mv /home/travis/build/fontdirectory/allan/builds/build/Allan-Bold.ttf.fix /home/travis/build/fontdirectory/allan/builds/build/Allan-Bold.ttf
bakery_lint.tests.downstream.test_check_unencoded_glyph.TestFontUnencodedGlyph.test_font_unencoded_glyphs(): FAIL
bakery_lint.tests.downstream.test_check_panose_identification.CheckPanoseIdentification.test_check_panose_identification(): OK
bakery_lint.tests.downstream.test_check_os2_width_class.CheckOS2WidthClass.test_check_os2_width_class(): OK
bakery_lint.tests.downstream.test_check_no_problematic_formats.CheckNoProblematicFormats.test_check_no_problematic_formats(): OK
bakery_lint.tests.downstream.test_check_nbsp_width_matches_sp_width.CheckNbspWidthMatchesSpWidth.test_check_nbsp_width_matches_sp_width(): FAIL
$ fontbakery-fix-nbsp.py /home/travis/build/fontdirectory/allan/builds/build/Allan-Bold.ttf
$ mv /home/travis/build/fontdirectory/allan/builds/build/Allan-Bold.ttf.fix /home/travis/build/fontdirectory/allan/builds/build/Allan-Bold.ttf
bakery_lint.tests.downstream.test_check_nbsp_width_matches_sp_width.CheckNbspWidthMatchesSpWidth.test_check_nbsp_width_matches_sp_width(): FAIL
bakery_lint.tests.downstream.test_check_names_same_across_platforms.CheckNamesSameAcrossPlatforms.test_check_names_same_across_platforms(): OK
bakery_lint.tests.downstream.test_check_name_table_recommendation.CheckStyleNameRecommendation.test_check_stylename_is_under_recommendations(): OK
bakery_lint.tests.downstream.test_check_name_table_recommendation.CheckOTFamilyNameRecommendation.test_check_opentype_familyname(): FAIL
$ fontbakery-fix-opentype-names.py /home/travis/build/fontdirectory/allan/builds/build/Allan-Bold.ttf
$ mv /home/travis/build/fontdirectory/allan/builds/build/Allan-Bold.ttf.fix /home/travis/build/fontdirectory/allan/builds/build/Allan-Bold.ttf
bakery_lint.tests.downstream.test_check_name_table_recommendation.CheckOTFamilyNameRecommendation.test_check_opentype_familyname(): OK
bakery_lint.tests.downstream.test_check_name_table_recommendation.CheckOTStyleNameRecommendation.test_check_opentype_stylename(): OK
bakery_lint.tests.downstream.test_check_name_table_recommendation.CheckOTFullNameRecommendation.test_check_opentype_fullname(): OK
bakery_lint.tests.downstream.test_check_magic_prep_code.CheckMagicPREPByteCode.test_prep_magic_code(): FAIL
bakery_lint.tests.downstream.test_check_license_included.CheckLicenseIncluded.test_license_included_in_font_names(): ERROR
bakery_lint.tests.downstream.test_check_italic_angle_agreement.CheckItalicAngleAgreement.test_check_italic_angle_agreement(): OK
bakery_lint.tests.downstream.test_check_hmtx_hhea_max_advance_width_agreement.CheckHmtxHheaMaxAdvanceWidthAgreement.test_check_hmtx_hhea_max_advance_width_agreement(): OK
bakery_lint.tests.downstream.test_check_glyph_existence.CheckGlyphExistence.test_euro(): OK
bakery_lint.tests.downstream.test_check_glyph_existence.CheckGlyphExistence.test_nbsp(): OK
bakery_lint.tests.downstream.test_check_glyph_existence.CheckGlyphExistence.test_space(): OK
bakery_lint.tests.downstream.test_check_glyf_table_length.CheckGlyfTableLength.test_check_glyf_table_length(): FAIL
bakery_lint.tests.downstream.test_check_full_font_name_begins_with_family_name.CheckFullFontNameBeginsWithFamilyName.test_check_full_font_name_begins_with_family_name(): OK
bakery_lint.tests.downstream.test_check_fontname_matches_macstyle.CheckFontNameEqualToMacStyleFlags.test_fontname_is_equal_to_macstyle(): FAIL
bakery_lint.tests.downstream.test_check_font_tables.CheckFontHasDsigTable.test_check_font_has_dsig_table(): FAIL
$ fontbakery-fix-dsig.py /home/travis/build/fontdirectory/allan/builds/build/Allan-Bold.ttf
$ mv /home/travis/build/fontdirectory/allan/builds/build/Allan-Bold.ttf.fix /home/travis/build/fontdirectory/allan/builds/build/Allan-Bold.ttf
bakery_lint.tests.downstream.test_check_font_tables.CheckFontHasDsigTable.test_check_font_has_dsig_table(): OK
bakery_lint.tests.downstream.test_check_font_tables.CheckFontHasNotKernTable.test_no_kern_table_exists(): OK
bakery_lint.tests.downstream.test_check_font_agreements.CheckFsTypeIsNotSet.test_is_fstype_not_set(): OK
$ fontbakery-fix-fstype.py --autofix /home/travis/build/fontdirectory/allan/builds/build/Allan-Bold.ttf
$ mv /home/travis/build/fontdirectory/allan/builds/build/Allan-Bold.ttf.fix /home/travis/build/fontdirectory/allan/builds/build/Allan-Bold.ttf
bakery_lint.tests.downstream.test_check_font_agreements.CheckFontAgreements.test_em_is_1000(): FAIL
bakery_lint.tests.downstream.test_check_font_agreements.CheckFontAgreements.test_font_is_font(): OK
bakery_lint.tests.downstream.test_check_font_agreements.CheckFontAgreements.test_latin_file_exists(): FAIL
bakery_lint.tests.downstream.test_check_font_agreements.CheckFontAgreements.test_menu_file_exists(): FAIL
### Optimize TTF Allan-Bold.ttf
$ ls -l 'Allan-Bold.ttf'* # look at the size savings of that subset process
Allan-Bold.ttf.opt: 65704 bytes
Allan-Bold.ttf: 114880 bytes
$ mv /home/travis/build/fontdirectory/allan/builds/build/Allan-Bold.ttf.opt /home/travis/build/fontdirectory/allan/builds/build/Allan-Bold.ttf
### Autohint TTFs (ttfautohint) Allan-Bold.ttf
$ ttfautohint -l 7 -r 28 -G 50 -x 13 -w "G" /home/travis/build/fontdirectory/allan/builds/build/Allan-Bold.ttf '/home/travis/build/fontdirectory/allan/builds/build/Allan-Bold.autohint.ttf'

$ ls -l /home/travis/build/fontdirectory/allan/builds/build/Allan-Bold.*ttf # look at the size savings of that subset process
/home/travis/build/fontdirectory/allan/builds/build/Allan-Bold.ttf: 65704 bytes
/home/travis/build/fontdirectory/allan/builds/build/Allan-Bold.autohint.ttf: 60392 bytes
$ mv /home/travis/build/fontdirectory/allan/builds/build/Allan-Bold.autohint.ttf /home/travis/build/fontdirectory/allan/builds/build/Allan-Bold.ttf
### Subset TTFs (pyftsubset) Allan-Bold.ttf
$ pyftsubset Allan-Bold.latin
$ pyftsubset Allan-Bold.menu
strippedname:/home/travis/build/fontdirectory/allan/builds/build/Allan-Bold.ttf
spaceWidth is    400
nbspWidth is     0
Allan-Bold.ttf.fix made with spaceWidth and nbspWidth of 400
$ fontbakery-build-font2ttf.py sources/Allan-Bold-TTF.sfd Allan-Bold-TTF.ttf
Success: Generated OpenType-TTF (/home/travis/build/fontdirectory/allan/builds/build/Allan-Bold-TTF.ttf)
### Test Allan-Bold-TTF.ttf
$ fontbakery-check.py result Allan-Bold-TTF.ttf
bakery_lint.tests.downstream.test_names_are_ascii_only.CheckNamesAreASCIIOnly.test_check_names_are_ascii_only(): OK
bakery_lint.tests.downstream.test_gpos_table_has_kerning_info.CheckGposTableHasKerningInfo.test_gpos_table_has_kerning_info(): OK
bakery_lint.tests.downstream.test_gasp_table_value.CheckGaspTableType.test_check_gasp_table_type(): FAIL
$ fontbakery-fix-gasp.py --set=15 /home/travis/build/fontdirectory/allan/builds/build/Allan-Bold-TTF.ttf
$ mv /home/travis/build/fontdirectory/allan/builds/build/Allan-Bold-TTF.ttf.fix /home/travis/build/fontdirectory/allan/builds/build/Allan-Bold-TTF.ttf
bakery_lint.tests.downstream.test_gasp_table_value.CheckGaspTableType.test_check_gasp_table_type(): OK
$ fontbakery-fix-gasp.py --set=15 /home/travis/build/fontdirectory/allan/builds/build/Allan-Bold-TTF.ttf
$ mv /home/travis/build/fontdirectory/allan/builds/build/Allan-Bold-TTF.ttf.fix /home/travis/build/fontdirectory/allan/builds/build/Allan-Bold-TTF.ttf
The following table(s) in the font have been ignored by FontForge
  Ignoring 'DSIG' digital signature table
bakery_lint.tests.downstream.test_fontforge_validation_state.FontForgeValidateStateTest.test_allowed_numbers_paths_in_composite_glyphs(): OK
bakery_lint.tests.downstream.test_fontforge_validation_state.FontForgeValidateStateTest.test_allowed_numbers_paths_in_glyphs(): OK
bakery_lint.tests.downstream.test_fontforge_validation_state.FontForgeValidateStateTest.test_allowed_numbers_points_in_composite_glyphs(): OK
bakery_lint.tests.downstream.test_fontforge_validation_state.FontForgeValidateStateTest.test_allowed_numbers_points_in_glyphs(): OK
bakery_lint.tests.downstream.test_fontforge_validation_state.FontForgeValidateStateTest.test_duplicate_glyphs(): OK
bakery_lint.tests.downstream.test_fontforge_validation_state.FontForgeValidateStateTest.test_duplicate_unicode_codepoints(): OK
bakery_lint.tests.downstream.test_fontforge_validation_state.FontForgeValidateStateTest.test_flipped_reference_in_glyphs(): OK
bakery_lint.tests.downstream.test_fontforge_validation_state.FontForgeValidateStateTest.test_missing_anchors(): OK
bakery_lint.tests.downstream.test_fontforge_validation_state.FontForgeValidateStateTest.test_missing_extrema_in_glyphs(): FAIL
bakery_lint.tests.downstream.test_fontforge_validation_state.FontForgeValidateStateTest.test_overlapped_hints(): OK
bakery_lint.tests.downstream.test_fontforge_validation_state.FontForgeValidateStateTest.test_points_are_integer_aligned(): OK
bakery_lint.tests.downstream.test_fontforge_validation_state.FontForgeValidateStateTest.test_points_are_not_too_far_apart(): OK
bakery_lint.tests.downstream.test_fontforge_validation_state.FontForgeValidateStateTest.test_postscript_hasnt_limit_hints_in_glyphs(): OK
bakery_lint.tests.downstream.test_fontforge_validation_state.FontForgeValidateStateTest.test_postscript_hasnt_limit_points_in_glyphs(): OK
bakery_lint.tests.downstream.test_fontforge_validation_state.FontForgeValidateStateTest.test_referenced_glyphs_are_present(): OK
bakery_lint.tests.downstream.test_fontforge_validation_state.FontForgeValidateStateTest.test_valid_glyph_names(): OK
bakery_lint.tests.downstream.test_fontforge_validation_state.FontForgeValidateStateTest.test_valid_length_instructions(): OK
bakery_lint.tests.downstream.test_fontforge_validation_state.FontForgeValidateStateTest.test_validation_glyph_intersect(): OK
bakery_lint.tests.downstream.test_fontforge_validation_state.FontForgeValidateStateTest.test_validation_open_contours(): OK
bakery_lint.tests.downstream.test_fontforge_validation_state.FontForgeValidateStateTest.test_wrong_direction_in_glyphs(): OK
bakery_lint.tests.downstream.test_check_vertical_metrics.CheckVerticalLinegapMetrics.test_metrics_linegaps_are_zero(): FAIL
$ fontbakery-fix-vertical-metrics.py --autofix /home/travis/build/fontdirectory/allan/builds/build/Allan-Bold-TTF.ttf /home/travis/build/fontdirectory/allan/builds/build/Allan-Bold.ttf /home/travis/build/fontdirectory/allan/builds/build/Allan-Regular.ttf
$ mv /home/travis/build/fontdirectory/allan/builds/build/Allan-Bold-TTF.ttf.fix /home/travis/build/fontdirectory/allan/builds/build/Allan-Bold-TTF.ttf
$ mv /home/travis/build/fontdirectory/allan/builds/build/Allan-Bold.ttf.fix /home/travis/build/fontdirectory/allan/builds/build/Allan-Bold.ttf
$ mv /home/travis/build/fontdirectory/allan/builds/build/Allan-Regular.ttf.fix /home/travis/build/fontdirectory/allan/builds/build/Allan-Regular.ttf
$ fontbakery-fix-vertical-metrics.py /home/travis/build/fontdirectory/allan/builds/build/Allan-Bold-TTF.ttf /home/travis/build/fontdirectory/allan/builds/build/Allan-Bold.ttf /home/travis/build/fontdirectory/allan/builds/build/Allan-Regular.ttf
Parameter              Allan-Bold-TTF.ttf    Allan-Bold.ttf    Allan-Regular.ttf    
ymax                   1840                  1851              1929                 
hhea.ascent            1929                  1929              1929                 
OS/2.sTypoAscender     1929                  1929              1929                 
OS/2.usWinAscent       1929                  1929              1929                 
ymin                   -404                  -411              -418                 
hhea.descent           -418                  -418              -418                 
OS/2.sTypoDescender    -418                  -418              -418                 
OS/2.usWinDescent      418                   418               418                  
hhea.lineGap           0                     0                 0                    
OS/2.sTypoLineGap      0                     0                 0                    
hhea total             2347                  2347              2347                 
typo total             2347                  2347              2347                 
win total              2347                  2347              2347                 
UPM:Heights            2048:2244             2048:2262         2048:2347            
UPM:Heights %          109 %                 110 %             114 %                


bakery_lint.tests.downstream.test_check_vertical_metrics.CheckVerticalLinegapMetrics.test_metrics_linegaps_are_zero(): OK
bakery_lint.tests.downstream.test_check_vertical_metrics.CheckVerticalAscentMetrics.test_metrics_ascents_equal_bbox(): OK
bakery_lint.tests.downstream.test_check_vertical_metrics.CheckVerticalDescentMetrics.test_metrics_descents_equal_bbox(): OK
bakery_lint.tests.downstream.test_check_upm_heights_less_120.TestCheckUPMHeightsLess120.test_check_upm_heigths_less_120(): OK
bakery_lint.tests.downstream.test_check_unused_glyph_data.CheckUnusedGlyphData.test_check_unused_glyph_data(): ERROR
bakery_lint.tests.downstream.test_check_unencoded_glyph.TestFontUnencodedGlyph.test_font_unencoded_glyphs(): FAIL
$ fontbakery-fix-glyph-private-encoding.py --autofix /home/travis/build/fontdirectory/allan/builds/build/Allan-Bold-TTF.ttf
$ mv /home/travis/build/fontdirectory/allan/builds/build/Allan-Bold-TTF.ttf.fix /home/travis/build/fontdirectory/allan/builds/build/Allan-Bold-TTF.ttf
bakery_lint.tests.downstream.test_check_unencoded_glyph.TestFontUnencodedGlyph.test_font_unencoded_glyphs(): FAIL
bakery_lint.tests.downstream.test_check_panose_identification.CheckPanoseIdentification.test_check_panose_identification(): OK
bakery_lint.tests.downstream.test_check_os2_width_class.CheckOS2WidthClass.test_check_os2_width_class(): OK
bakery_lint.tests.downstream.test_check_no_problematic_formats.CheckNoProblematicFormats.test_check_no_problematic_formats(): OK
bakery_lint.tests.downstream.test_check_nbsp_width_matches_sp_width.CheckNbspWidthMatchesSpWidth.test_check_nbsp_width_matches_sp_width(): FAIL
$ fontbakery-fix-nbsp.py /home/travis/build/fontdirectory/allan/builds/build/Allan-Bold-TTF.ttf
$ mv /home/travis/build/fontdirectory/allan/builds/build/Allan-Bold-TTF.ttf.fix /home/travis/build/fontdirectory/allan/builds/build/Allan-Bold-TTF.ttf
bakery_lint.tests.downstream.test_check_nbsp_width_matches_sp_width.CheckNbspWidthMatchesSpWidth.test_check_nbsp_width_matches_sp_width(): FAIL
bakery_lint.tests.downstream.test_check_names_same_across_platforms.CheckNamesSameAcrossPlatforms.test_check_names_same_across_platforms(): OK
bakery_lint.tests.downstream.test_check_name_table_recommendation.CheckStyleNameRecommendation.test_check_stylename_is_under_recommendations(): OK
bakery_lint.tests.downstream.test_check_name_table_recommendation.CheckOTFamilyNameRecommendation.test_check_opentype_familyname(): FAIL
$ fontbakery-fix-opentype-names.py /home/travis/build/fontdirectory/allan/builds/build/Allan-Bold-TTF.ttf
$ mv /home/travis/build/fontdirectory/allan/builds/build/Allan-Bold-TTF.ttf.fix /home/travis/build/fontdirectory/allan/builds/build/Allan-Bold-TTF.ttf
bakery_lint.tests.downstream.test_check_name_table_recommendation.CheckOTFamilyNameRecommendation.test_check_opentype_familyname(): OK
bakery_lint.tests.downstream.test_check_name_table_recommendation.CheckOTStyleNameRecommendation.test_check_opentype_stylename(): OK
bakery_lint.tests.downstream.test_check_name_table_recommendation.CheckOTFullNameRecommendation.test_check_opentype_fullname(): OK
bakery_lint.tests.downstream.test_check_magic_prep_code.CheckMagicPREPByteCode.test_prep_magic_code(): FAIL
bakery_lint.tests.downstream.test_check_license_included.CheckLicenseIncluded.test_license_included_in_font_names(): ERROR
bakery_lint.tests.downstream.test_check_italic_angle_agreement.CheckItalicAngleAgreement.test_check_italic_angle_agreement(): OK
bakery_lint.tests.downstream.test_check_hmtx_hhea_max_advance_width_agreement.CheckHmtxHheaMaxAdvanceWidthAgreement.test_check_hmtx_hhea_max_advance_width_agreement(): OK
bakery_lint.tests.downstream.test_check_glyph_existence.CheckGlyphExistence.test_euro(): OK
bakery_lint.tests.downstream.test_check_glyph_existence.CheckGlyphExistence.test_nbsp(): OK
bakery_lint.tests.downstream.test_check_glyph_existence.CheckGlyphExistence.test_space(): OK
bakery_lint.tests.downstream.test_check_glyf_table_length.CheckGlyfTableLength.test_check_glyf_table_length(): FAIL
bakery_lint.tests.downstream.test_check_full_font_name_begins_with_family_name.CheckFullFontNameBeginsWithFamilyName.test_check_full_font_name_begins_with_family_name(): OK
bakery_lint.tests.downstream.test_check_fontname_matches_macstyle.CheckFontNameEqualToMacStyleFlags.test_fontname_is_equal_to_macstyle(): FAIL
bakery_lint.tests.downstream.test_check_font_tables.CheckFontHasDsigTable.test_check_font_has_dsig_table(): OK
bakery_lint.tests.downstream.test_check_font_tables.CheckFontHasNotKernTable.test_no_kern_table_exists(): OK
bakery_lint.tests.downstream.test_check_font_agreements.CheckFsTypeIsNotSet.test_is_fstype_not_set(): OK
$ fontbakery-fix-fstype.py --autofix /home/travis/build/fontdirectory/allan/builds/build/Allan-Bold-TTF.ttf
$ mv /home/travis/build/fontdirectory/allan/builds/build/Allan-Bold-TTF.ttf.fix /home/travis/build/fontdirectory/allan/builds/build/Allan-Bold-TTF.ttf
bakery_lint.tests.downstream.test_check_font_agreements.CheckFontAgreements.test_em_is_1000(): FAIL
bakery_lint.tests.downstream.test_check_font_agreements.CheckFontAgreements.test_font_is_font(): OK
bakery_lint.tests.downstream.test_check_font_agreements.CheckFontAgreements.test_latin_file_exists(): FAIL
bakery_lint.tests.downstream.test_check_font_agreements.CheckFontAgreements.test_menu_file_exists(): FAIL
### Optimize TTF Allan-Bold-TTF.ttf
$ ls -l 'Allan-Bold-TTF.ttf'* # look at the size savings of that subset process
Allan-Bold-TTF.ttf.opt: 46824 bytes
Allan-Bold-TTF.ttf: 48312 bytes
$ mv /home/travis/build/fontdirectory/allan/builds/build/Allan-Bold-TTF.ttf.opt /home/travis/build/fontdirectory/allan/builds/build/Allan-Bold-TTF.ttf
### Autohint TTFs (ttfautohint) Allan-Bold-TTF.ttf
$ ttfautohint -l 7 -r 28 -G 50 -x 13 -w "G" /home/travis/build/fontdirectory/allan/builds/build/Allan-Bold-TTF.ttf '/home/travis/build/fontdirectory/allan/builds/build/Allan-Bold-TTF.autohint.ttf'

$ ls -l /home/travis/build/fontdirectory/allan/builds/build/Allan-Bold-TTF.*ttf # look at the size savings of that subset process
/home/travis/build/fontdirectory/allan/builds/build/Allan-Bold-TTF.ttf: 46824 bytes
/home/travis/build/fontdirectory/allan/builds/build/Allan-Bold-TTF.autohint.ttf: 59916 bytes
$ mv /home/travis/build/fontdirectory/allan/builds/build/Allan-Bold-TTF.autohint.ttf /home/travis/build/fontdirectory/allan/builds/build/Allan-Bold-TTF.ttf
### Subset TTFs (pyftsubset) Allan-Bold-TTF.ttf
$ pyftsubset Allan-Bold-TTF.latin
$ pyftsubset Allan-Bold-TTF.menu
strippedname:/home/travis/build/fontdirectory/allan/builds/build/Allan-Bold-TTF.ttf
spaceWidth is    400
nbspWidth is     0
Allan-Bold-TTF.ttf.fix made with spaceWidth and nbspWidth of 400
$ fontbakery-build-font2ttf.py sources/Allan-Regular-TTF.sfd Allan-Regular-TTF.ttf
Success: Generated OpenType-TTF (/home/travis/build/fontdirectory/allan/builds/build/Allan-Regular-TTF.ttf)
### Test Allan-Regular-TTF.ttf
$ fontbakery-check.py result Allan-Regular-TTF.ttf
bakery_lint.tests.downstream.test_names_are_ascii_only.CheckNamesAreASCIIOnly.test_check_names_are_ascii_only(): OK
bakery_lint.tests.downstream.test_gpos_table_has_kerning_info.CheckGposTableHasKerningInfo.test_gpos_table_has_kerning_info(): OK
bakery_lint.tests.downstream.test_gasp_table_value.CheckGaspTableType.test_check_gasp_table_type(): FAIL
$ fontbakery-fix-gasp.py --set=15 /home/travis/build/fontdirectory/allan/builds/build/Allan-Regular-TTF.ttf
$ mv /home/travis/build/fontdirectory/allan/builds/build/Allan-Regular-TTF.ttf.fix /home/travis/build/fontdirectory/allan/builds/build/Allan-Regular-TTF.ttf
bakery_lint.tests.downstream.test_gasp_table_value.CheckGaspTableType.test_check_gasp_table_type(): OK
$ fontbakery-fix-gasp.py --set=15 /home/travis/build/fontdirectory/allan/builds/build/Allan-Regular-TTF.ttf
$ mv /home/travis/build/fontdirectory/allan/builds/build/Allan-Regular-TTF.ttf.fix /home/travis/build/fontdirectory/allan/builds/build/Allan-Regular-TTF.ttf
The following table(s) in the font have been ignored by FontForge
  Ignoring 'DSIG' digital signature table
bakery_lint.tests.downstream.test_fontforge_validation_state.FontForgeValidateStateTest.test_allowed_numbers_paths_in_composite_glyphs(): OK
bakery_lint.tests.downstream.test_fontforge_validation_state.FontForgeValidateStateTest.test_allowed_numbers_paths_in_glyphs(): OK
bakery_lint.tests.downstream.test_fontforge_validation_state.FontForgeValidateStateTest.test_allowed_numbers_points_in_composite_glyphs(): OK
bakery_lint.tests.downstream.test_fontforge_validation_state.FontForgeValidateStateTest.test_allowed_numbers_points_in_glyphs(): OK
bakery_lint.tests.downstream.test_fontforge_validation_state.FontForgeValidateStateTest.test_duplicate_glyphs(): OK
bakery_lint.tests.downstream.test_fontforge_validation_state.FontForgeValidateStateTest.test_duplicate_unicode_codepoints(): OK
bakery_lint.tests.downstream.test_fontforge_validation_state.FontForgeValidateStateTest.test_flipped_reference_in_glyphs(): OK
bakery_lint.tests.downstream.test_fontforge_validation_state.FontForgeValidateStateTest.test_missing_anchors(): OK
bakery_lint.tests.downstream.test_fontforge_validation_state.FontForgeValidateStateTest.test_missing_extrema_in_glyphs(): FAIL
bakery_lint.tests.downstream.test_fontforge_validation_state.FontForgeValidateStateTest.test_overlapped_hints(): OK
bakery_lint.tests.downstream.test_fontforge_validation_state.FontForgeValidateStateTest.test_points_are_integer_aligned(): OK
bakery_lint.tests.downstream.test_fontforge_validation_state.FontForgeValidateStateTest.test_points_are_not_too_far_apart(): OK
bakery_lint.tests.downstream.test_fontforge_validation_state.FontForgeValidateStateTest.test_postscript_hasnt_limit_hints_in_glyphs(): OK
bakery_lint.tests.downstream.test_fontforge_validation_state.FontForgeValidateStateTest.test_postscript_hasnt_limit_points_in_glyphs(): OK
bakery_lint.tests.downstream.test_fontforge_validation_state.FontForgeValidateStateTest.test_referenced_glyphs_are_present(): OK
bakery_lint.tests.downstream.test_fontforge_validation_state.FontForgeValidateStateTest.test_valid_glyph_names(): OK
bakery_lint.tests.downstream.test_fontforge_validation_state.FontForgeValidateStateTest.test_valid_length_instructions(): OK
bakery_lint.tests.downstream.test_fontforge_validation_state.FontForgeValidateStateTest.test_validation_glyph_intersect(): FAIL
bakery_lint.tests.downstream.test_fontforge_validation_state.FontForgeValidateStateTest.test_validation_open_contours(): OK
bakery_lint.tests.downstream.test_fontforge_validation_state.FontForgeValidateStateTest.test_wrong_direction_in_glyphs(): OK
bakery_lint.tests.downstream.test_check_vertical_metrics.CheckVerticalLinegapMetrics.test_metrics_linegaps_are_zero(): OK
bakery_lint.tests.downstream.test_check_vertical_metrics.CheckVerticalAscentMetrics.test_metrics_ascents_equal_bbox(): FAIL
$ fontbakery-fix-vertical-metrics.py --autofix /home/travis/build/fontdirectory/allan/builds/build/Allan-Regular-TTF.ttf /home/travis/build/fontdirectory/allan/builds/build/Allan-Bold-TTF.ttf /home/travis/build/fontdirectory/allan/builds/build/Allan-Regular.ttf /home/travis/build/fontdirectory/allan/builds/build/Allan-Bold.ttf
$ mv /home/travis/build/fontdirectory/allan/builds/build/Allan-Regular-TTF.ttf.fix /home/travis/build/fontdirectory/allan/builds/build/Allan-Regular-TTF.ttf
$ mv /home/travis/build/fontdirectory/allan/builds/build/Allan-Bold-TTF.ttf.fix /home/travis/build/fontdirectory/allan/builds/build/Allan-Bold-TTF.ttf
$ mv /home/travis/build/fontdirectory/allan/builds/build/Allan-Regular.ttf.fix /home/travis/build/fontdirectory/allan/builds/build/Allan-Regular.ttf
$ mv /home/travis/build/fontdirectory/allan/builds/build/Allan-Bold.ttf.fix /home/travis/build/fontdirectory/allan/builds/build/Allan-Bold.ttf
$ fontbakery-fix-vertical-metrics.py /home/travis/build/fontdirectory/allan/builds/build/Allan-Regular-TTF.ttf /home/travis/build/fontdirectory/allan/builds/build/Allan-Bold-TTF.ttf /home/travis/build/fontdirectory/allan/builds/build/Allan-Regular.ttf /home/travis/build/fontdirectory/allan/builds/build/Allan-Bold.ttf
Parameter              Allan-Regular-TTF.ttf    Allan-Bold-TTF.ttf    Allan-Regular.ttf    Allan-Bold.ttf    
ymax                   1927                     1840                  1929                 1851              
hhea.ascent            1929                     1929                  1929                 1929              
OS/2.sTypoAscender     1929                     1929                  1929                 1929              
OS/2.usWinAscent       1929                     1929                  1929                 1929              
ymin                   -412                     -404                  -418                 -411              
hhea.descent           -418                     -418                  -418                 -418              
OS/2.sTypoDescender    -418                     -418                  -418                 -418              
OS/2.usWinDescent      418                      418                   418                  418               
hhea.lineGap           0                        0                     0                    0                 
OS/2.sTypoLineGap      0                        0                     0                    0                 
hhea total             2347                     2347                  2347                 2347              
typo total             2347                     2347                  2347                 2347              
win total              2347                     2347                  2347                 2347              
UPM:Heights            2048:2339                2048:2244             2048:2347            2048:2262         
UPM:Heights %          114 %                    109 %                 114 %                110 %             


bakery_lint.tests.downstream.test_check_vertical_metrics.CheckVerticalAscentMetrics.test_metrics_ascents_equal_bbox(): OK
bakery_lint.tests.downstream.test_check_vertical_metrics.CheckVerticalDescentMetrics.test_metrics_descents_equal_bbox(): OK
bakery_lint.tests.downstream.test_check_upm_heights_less_120.TestCheckUPMHeightsLess120.test_check_upm_heigths_less_120(): OK
bakery_lint.tests.downstream.test_check_unused_glyph_data.CheckUnusedGlyphData.test_check_unused_glyph_data(): ERROR
bakery_lint.tests.downstream.test_check_unencoded_glyph.TestFontUnencodedGlyph.test_font_unencoded_glyphs(): FAIL
$ fontbakery-fix-glyph-private-encoding.py --autofix /home/travis/build/fontdirectory/allan/builds/build/Allan-Regular-TTF.ttf
$ mv /home/travis/build/fontdirectory/allan/builds/build/Allan-Regular-TTF.ttf.fix /home/travis/build/fontdirectory/allan/builds/build/Allan-Regular-TTF.ttf
bakery_lint.tests.downstream.test_check_unencoded_glyph.TestFontUnencodedGlyph.test_font_unencoded_glyphs(): FAIL
bakery_lint.tests.downstream.test_check_panose_identification.CheckPanoseIdentification.test_check_panose_identification(): OK
bakery_lint.tests.downstream.test_check_os2_width_class.CheckOS2WidthClass.test_check_os2_width_class(): OK
bakery_lint.tests.downstream.test_check_no_problematic_formats.CheckNoProblematicFormats.test_check_no_problematic_formats(): OK
bakery_lint.tests.downstream.test_check_nbsp_width_matches_sp_width.CheckNbspWidthMatchesSpWidth.test_check_nbsp_width_matches_sp_width(): FAIL
$ fontbakery-fix-nbsp.py /home/travis/build/fontdirectory/allan/builds/build/Allan-Regular-TTF.ttf
$ mv /home/travis/build/fontdirectory/allan/builds/build/Allan-Regular-TTF.ttf.fix /home/travis/build/fontdirectory/allan/builds/build/Allan-Regular-TTF.ttf
bakery_lint.tests.downstream.test_check_nbsp_width_matches_sp_width.CheckNbspWidthMatchesSpWidth.test_check_nbsp_width_matches_sp_width(): FAIL
bakery_lint.tests.downstream.test_check_names_same_across_platforms.CheckNamesSameAcrossPlatforms.test_check_names_same_across_platforms(): OK
bakery_lint.tests.downstream.test_check_name_table_recommendation.CheckStyleNameRecommendation.test_check_stylename_is_under_recommendations(): OK
bakery_lint.tests.downstream.test_check_name_table_recommendation.CheckOTFamilyNameRecommendation.test_check_opentype_familyname(): FAIL
$ fontbakery-fix-opentype-names.py /home/travis/build/fontdirectory/allan/builds/build/Allan-Regular-TTF.ttf
$ mv /home/travis/build/fontdirectory/allan/builds/build/Allan-Regular-TTF.ttf.fix /home/travis/build/fontdirectory/allan/builds/build/Allan-Regular-TTF.ttf
bakery_lint.tests.downstream.test_check_name_table_recommendation.CheckOTFamilyNameRecommendation.test_check_opentype_familyname(): OK
bakery_lint.tests.downstream.test_check_name_table_recommendation.CheckOTStyleNameRecommendation.test_check_opentype_stylename(): OK
bakery_lint.tests.downstream.test_check_name_table_recommendation.CheckOTFullNameRecommendation.test_check_opentype_fullname(): OK
bakery_lint.tests.downstream.test_check_magic_prep_code.CheckMagicPREPByteCode.test_prep_magic_code(): FAIL
bakery_lint.tests.downstream.test_check_license_included.CheckLicenseIncluded.test_license_included_in_font_names(): ERROR
bakery_lint.tests.downstream.test_check_italic_angle_agreement.CheckItalicAngleAgreement.test_check_italic_angle_agreement(): OK
bakery_lint.tests.downstream.test_check_hmtx_hhea_max_advance_width_agreement.CheckHmtxHheaMaxAdvanceWidthAgreement.test_check_hmtx_hhea_max_advance_width_agreement(): OK
bakery_lint.tests.downstream.test_check_glyph_existence.CheckGlyphExistence.test_euro(): OK
bakery_lint.tests.downstream.test_check_glyph_existence.CheckGlyphExistence.test_nbsp(): OK
bakery_lint.tests.downstream.test_check_glyph_existence.CheckGlyphExistence.test_space(): OK
bakery_lint.tests.downstream.test_check_glyf_table_length.CheckGlyfTableLength.test_check_glyf_table_length(): FAIL
bakery_lint.tests.downstream.test_check_full_font_name_begins_with_family_name.CheckFullFontNameBeginsWithFamilyName.test_check_full_font_name_begins_with_family_name(): OK
bakery_lint.tests.downstream.test_check_fontname_matches_macstyle.CheckFontNameEqualToMacStyleFlags.test_fontname_is_equal_to_macstyle(): FAIL
bakery_lint.tests.downstream.test_check_font_tables.CheckFontHasDsigTable.test_check_font_has_dsig_table(): OK
bakery_lint.tests.downstream.test_check_font_tables.CheckFontHasNotKernTable.test_no_kern_table_exists(): OK
bakery_lint.tests.downstream.test_check_font_agreements.CheckFsTypeIsNotSet.test_is_fstype_not_set(): OK
$ fontbakery-fix-fstype.py --autofix /home/travis/build/fontdirectory/allan/builds/build/Allan-Regular-TTF.ttf
$ mv /home/travis/build/fontdirectory/allan/builds/build/Allan-Regular-TTF.ttf.fix /home/travis/build/fontdirectory/allan/builds/build/Allan-Regular-TTF.ttf
bakery_lint.tests.downstream.test_check_font_agreements.CheckFontAgreements.test_em_is_1000(): FAIL
bakery_lint.tests.downstream.test_check_font_agreements.CheckFontAgreements.test_font_is_font(): OK
bakery_lint.tests.downstream.test_check_font_agreements.CheckFontAgreements.test_latin_file_exists(): FAIL
bakery_lint.tests.downstream.test_check_font_agreements.CheckFontAgreements.test_menu_file_exists(): FAIL
### Optimize TTF Allan-Regular-TTF.ttf
$ ls -l 'Allan-Regular-TTF.ttf'* # look at the size savings of that subset process
Allan-Regular-TTF.ttf.opt: 30720 bytes
Allan-Regular-TTF.ttf: 32232 bytes
$ mv /home/travis/build/fontdirectory/allan/builds/build/Allan-Regular-TTF.ttf.opt /home/travis/build/fontdirectory/allan/builds/build/Allan-Regular-TTF.ttf
### Autohint TTFs (ttfautohint) Allan-Regular-TTF.ttf
$ ttfautohint -l 7 -r 28 -G 50 -x 13 -w "G" /home/travis/build/fontdirectory/allan/builds/build/Allan-Regular-TTF.ttf '/home/travis/build/fontdirectory/allan/builds/build/Allan-Regular-TTF.autohint.ttf'

$ ls -l /home/travis/build/fontdirectory/allan/builds/build/Allan-Regular-TTF.*ttf # look at the size savings of that subset process
/home/travis/build/fontdirectory/allan/builds/build/Allan-Regular-TTF.ttf: 30720 bytes
/home/travis/build/fontdirectory/allan/builds/build/Allan-Regular-TTF.autohint.ttf: 41532 bytes
$ mv /home/travis/build/fontdirectory/allan/builds/build/Allan-Regular-TTF.autohint.ttf /home/travis/build/fontdirectory/allan/builds/build/Allan-Regular-TTF.ttf
### Subset TTFs (pyftsubset) Allan-Regular-TTF.ttf
$ pyftsubset Allan-Regular-TTF.latin
$ pyftsubset Allan-Regular-TTF.menu
strippedname:/home/travis/build/fontdirectory/allan/builds/build/Allan-Regular-TTF.ttf
spaceWidth is    368
nbspWidth is     0
Allan-Regular-TTF.ttf.fix made with spaceWidth and nbspWidth of 368
### (5 of 6) Generate METADATA.json (fontbakery-build-metadata.py)
$ fontbakery-build-metadata.py /home/travis/build/fontdirectory/allan/builds/build
{} exists
Designer's name from font is: Anton Koovit
Original size: 41496\nGzip size: 25422
Family Name: Allan
PS Name: Allan-Regular
Full Name: Allan
Style: normal
Weight: 400
Filename: Allan-Regular-TTF.ttf
Copyright: Copyright (c) 2010-2012, Anton Koovit (anton@korkork.com), with Reserved Font Name 'Allan'
Family Name: Allan
PS Name: Allan-Bold
Full Name: Allan Bold
Style: normal
Weight: 700
Filename: Allan-Bold.ttf
Copyright: Copyright (c) 2010-2012, Anton Koovit (anton@korkork.com), with Reserved Font Name 'Allan'
Family Name: Allan
PS Name: Allan-Regular
Full Name: Allan
Style: normal
Weight: 400
Filename: Allan-Regular.ttf
Copyright: Copyright (c) 2010-2012, Anton Koovit (anton@korkork.com), with Reserved Font Name 'Allan'
Family Name: Allan
PS Name: Allan-Bold
Full Name: Allan Bold
Style: normal
Weight: 700
Filename: Allan-Bold-TTF.ttf
Copyright: Copyright (c) 2010-2012, Anton Koovit (anton@korkork.com), with Reserved Font Name 'Allan'
### (6 of 6) Run tests for METADATA.json
$ fontbakery-check.py metadata METADATA.json
bakery_lint.tests.metadata_test.MetadataSubsetsListTest.test_charset_latin(): OK
bakery_lint.tests.metadata_test.MetadataSubsetsListTest.test_charset_latin_ext(): FAIL
bakery_lint.tests.metadata_test.MetadataSubsetsListTest.test_charset_menu(): OK
bakery_lint.tests.metadata_test.MetadataTest.test_description_is_more_than_500b(): FAIL
bakery_lint.tests.metadata_test.MetadataTest.test_description_is_valid_html(): FAIL
bakery_lint.tests.metadata_test.MetadataTest.test_does_not_familyName_exist_in_daltonmaag_catalogue(): FAIL
bakery_lint.tests.metadata_test.MetadataTest.test_does_not_familyName_exist_in_fontbureau_catalogue(): OK
bakery_lint.tests.metadata_test.MetadataTest.test_does_not_familyName_exist_in_fontscom_catalogue(): OK
bakery_lint.tests.metadata_test.MetadataTest.test_does_not_familyName_exist_in_fontshop_catalogue(): FAIL
bakery_lint.tests.metadata_test.MetadataTest.test_does_not_familyName_exist_in_fontsmith_catalogue(): FAIL
bakery_lint.tests.metadata_test.MetadataTest.test_does_not_familyName_exist_in_houseind_catalogue(): OK
bakery_lint.tests.metadata_test.MetadataTest.test_does_not_familyName_exist_in_myfonts_catalogue(): FAIL
bakery_lint.tests.metadata_test.MetadataTest.test_does_not_familyName_exist_in_veer_catalogue(): OK
bakery_lint.tests.metadata_test.MetadataTest.test_family_is_listed_in_gwf(): OK
bakery_lint.tests.metadata_test.MetadataTest.test_metadata_atleast_latin_menu_subsets_exist(): OK
/home/travis/virtualenv/python2.7.8/lib/python2.7/site-packages/bakery_lint/tests/metadata_test.py:141: UnicodeWarning: Unicode equal comparison failed to convert both arguments to Unicode - interpreting them as being unequal
  self.assertTrue(designer in designers,
bakery_lint.tests.metadata_test.MetadataTest.test_metadata_designer_exists_in_profiles_csv(): OK
bakery_lint.tests.metadata_test.MetadataTest.test_metadata_fonts_items_dicts(): OK
bakery_lint.tests.metadata_test.MetadataTest.test_metadata_fonts_key_list(): OK
bakery_lint.tests.metadata_test.MetadataTest.test_metadata_fonts_no_dupes(): OK
bakery_lint.tests.metadata_test.MetadataTest.test_metadata_has_unique_style_weight_pairs(): OK
bakery_lint.tests.metadata_test.MetadataTest.test_metadata_keys(): OK
bakery_lint.tests.metadata_test.MetadataTest.test_metadata_license(): OK
bakery_lint.tests.metadata_test.MetadataTest.test_metadata_no_unknown_top_keys(): OK
bakery_lint.tests.metadata_test.MetadataTest.test_metadata_subsets_key_list(): OK
bakery_lint.tests.metadata_test.MetadataTest.test_metadata_top_keys_types(): OK
bakery_lint.tests.downstream.test_metadata_font_copyright.CheckMetadataContainsReservedFontName.test_copyright_contains_correct_rfn(): OK
bakery_lint.tests.downstream.test_metadata_font_copyright.CheckMetadataContainsReservedFontName.test_copyright_is_consistent_across_family(): OK
bakery_lint.tests.downstream.test_metadata_font_copyright.CheckMetadataContainsReservedFontName.test_copyright_matches_pattern(): OK
bakery_lint.tests.downstream.test_metadata_font_copyright.CheckMetadataContainsReservedFontName.test_metadata_copyright_size(): OK
bakery_lint.tests.downstream.test_metadata_agreements.TestFontOnDiskFamilyEqualToMetadataJSON.test_font_on_disk_family_equal_in_metadata_json(): OK
bakery_lint.tests.downstream.test_metadata_agreements.TestPostScriptNameInMetadataEqualFontOnDisk.test_postscriptname_in_metadata_equal_to_font_on_disk(): OK
bakery_lint.tests.downstream.test_metadata_agreements.CheckMetadataAgreements.test_font_name_matches_family(): OK
bakery_lint.tests.downstream.test_metadata_agreements.CheckMetadataAgreements.test_metadata_family_values_are_all_the_same(): OK
bakery_lint.tests.downstream.test_metadata_agreements.CheckMetadataAgreements.test_metadata_filename_matches_postscriptname(): OK
bakery_lint.tests.downstream.test_metadata_agreements.CheckMetadataAgreements.test_metadata_font_have_regular(): OK
bakery_lint.tests.downstream.test_metadata_agreements.CheckMetadataAgreements.test_metadata_fonts_fields_have_fontname(): OK
bakery_lint.tests.downstream.test_metadata_agreements.CheckMetadataAgreements.test_metadata_fullname_is_equal_to_internal_font_fullname(): OK
bakery_lint.tests.downstream.test_metadata_agreements.CheckMetadataAgreements.test_metadata_fullname_matches_postScriptName(): FAIL
bakery_lint.tests.downstream.test_metadata_agreements.CheckMetadataAgreements.test_metadata_regular_is_400(): OK
bakery_lint.tests.downstream.test_metadata_agreements.CheckMetadataAgreements.test_metadata_regular_is_normal(): FAIL
bakery_lint.tests.downstream.test_check_text_files_exist.CheckTextFilesExist.test_copyrighttxt_exists(): FAIL
bakery_lint.tests.downstream.test_check_text_files_exist.CheckTextFilesExist.test_description_exists(): OK
bakery_lint.tests.downstream.test_check_text_files_exist.CheckTextFilesExist.test_fontlogtxt_exists(): FAIL
bakery_lint.tests.downstream.test_check_text_files_exist.CheckTextFilesExist.test_licensetxt_exists(): FAIL
bakery_lint.tests.downstream.test_check_subsets_exists.CheckSubsetsExist.test_check_subsets_exists(): FAIL
bakery_lint.tests.downstream.test_check_monospace_agreements.CheckMonospaceAgreement.test_check_monospace_agreement(): OK
bakery_lint.tests.downstream.test_check_metadata_style_matches_names.CheckItalicStyleMatchesMacStyle.test_check_italic_style_matches_names(): OK
bakery_lint.tests.downstream.test_check_metadata_style_matches_names.CheckNormalStyleMatchesMacStyle.test_check_normal_style_matches_names(): FAIL
bakery_lint.tests.downstream.test_check_metadata_matches_nametable.CheckMetadataMatchesNameTable.test_check_metadata_matches_nametable(): OK
bakery_lint.tests.downstream.test_check_metadata_fields.CheckMetadataFields.test_check_metadata_fields(): OK
bakery_lint.tests.downstream.test_check_menu_contains_proper_glyphs.CheckMenuSubsetContainsProperGlyphs.test_check_menu_contains_proper_glyphs(): FAIL
bakery_lint.tests.downstream.test_check_glyph_consistency.CheckGlyphConsistencyInFamily.test_the_same_encodings_of_glyphs_across_family(): OK
bakery_lint.tests.downstream.test_check_glyph_consistency.CheckGlyphConsistencyInFamily.test_the_same_names_of_glyphs_across_family(): FAIL
bakery_lint.tests.downstream.test_check_glyph_consistency.CheckGlyphConsistencyInFamily.test_the_same_number_of_glyphs_across_family(): FAIL
bakery_lint.tests.downstream.test_check_font_name_not_in_camelcase.CheckFontNameNotInCamelCase.test_fontname_not_in_camel_case(): OK
bakery_lint.tests.downstream.test_check_files_menu_agreements.CheckFontsMenuAgreements.test_menu_file_agreement(): OK
bakery_lint.tests.downstream.test_check_familyname_matches_fontnames.CheckFamilyNameMatchesFontNames.test_check_familyname_matches_fontnames(): OK
bakery_lint.tests.downstream.test_check_canonical_weights.CheckCanonicalWeights.test_check_canonical_weights(): OK
bakery_lint.tests.downstream.test_check_canonical_weights.CheckPostScriptNameMatchesWeight.test_postscriptname_contains_correct_weight(): OK
bakery_lint.tests.downstream.test_check_canonical_weights.CheckFontWeightSameAsInMetadata.test_font_weight_same_as_in_metadata(): OK
bakery_lint.tests.downstream.test_check_canonical_weights.CheckFullNameEqualCanonicalName.test_metadata_contains_current_font(): OK
bakery_lint.tests.downstream.test_check_canonical_styles.CheckCanonicalStyles.test_check_canonical_styles(): FAIL
bakery_lint.tests.downstream.test_check_canonical_filenames.CheckCanonicalFilenames.test_check_canonical_filenames(): OK
{
  "name": "Allan", 
  "designer": "Anton Koovit", 
  "license": "OFL", 
  "visibility": "External", 
  "category": "Display", 
  "size": 34262, 
  "fonts": [
    {
      "name": "Allan", 
      "postScriptName": "Allan-Regular", 
      "fullName": "Allan", 
      "style": "normal", 
      "weight": 400, 
      "filename": "Allan-Regular-TTF.ttf", 
      "copyright": "Copyright (c) 2010-2012, Anton Koovit (anton@korkork.com), with Reserved Font Name 'Allan'"
    }, 
    {
      "name": "Allan", 
      "postScriptName": "Allan-Bold", 
      "fullName": "Allan Bold", 
      "style": "normal", 
      "weight": 700, 
      "filename": "Allan-Bold.ttf", 
      "copyright": "Copyright (c) 2010-2012, Anton Koovit (anton@korkork.com), with Reserved Font Name 'Allan'"
    }, 
    {
      "name": "Allan", 
      "postScriptName": "Allan-Regular", 
      "fullName": "Allan", 
      "style": "normal", 
      "weight": 400, 
      "filename": "Allan-Regular.ttf", 
      "copyright": "Copyright (c) 2010-2012, Anton Koovit (anton@korkork.com), with Reserved Font Name 'Allan'"
    }, 
    {
      "name": "Allan", 
      "postScriptName": "Allan-Bold", 
      "fullName": "Allan Bold", 
      "style": "normal", 
      "weight": 700, 
      "filename": "Allan-Bold-TTF.ttf", 
      "copyright": "Copyright (c) 2010-2012, Anton Koovit (anton@korkork.com), with Reserved Font Name 'Allan'"
    }
  ], 
  "subsets": [
    "latin", 
    "menu"
  ], 
  "dateAdded": "2012-09-06"
}
